ADVISHISTORY
AHLIWARIS
BAGIHASIL
BAYARPREMI
BLOBREGISTRATION
BRANCHLOCATION
COREBANKINGBATCH
COUNTER
DAERAHASAL
ENUM_INT
ENUM_VARCHAR
GENERALCLASS
GLINTERFACE
HISTJENISINVESTASI
HISTORIAHLIWARIS
HISTORIAHLIWARISDETAIL
HISTORIANUITAS
HISTORIAUTODEBET
HISTORIGIRO
HISTORIGIROHARIAN
HISTORIIURAN
HISTORIKIRIMPESERTA
HISTORIPINDAHPAKETINVESTASI
HISTORISRR
HISTORIUBAHALAMAT
HISTORIUBAHSTATUSKERJA
HISTORIWASIATUMMAT
ID_GEN
INVESTASI
IURANPENDAFTARAN
JENISINVESTASI
JENISPENERIMAANMANFAAT
JENISPORTOFOLIO
JENISREGISTERCIF
JENISTRANSAKSIDPLK
JENISUSAHA
JNSTRANSINVESTASI
KELOMPOK
KEPEMILIKAN
LDP
MASTERGIRO
NASABAHDPLK
NASABAHDPLKCORPORATE
OPERATIONCODE
PAKETINVESTASI
PARAMETER
PENARIKANDANA
PENDAFTARAN
PENGALIHANDARIDPLKLAIN
PENGALIHANKEDPLKLAIN
PENGAMBILANMANFAAT
PIHAKKETIGA
REFHUBKELUARGA
REGEDITNASABAHDPLKCORPORATE
REGEDITNASABAHREKENING
REGISTERAHLIWARIS
REGISTERAHLIWARISDETAIL
REGISTERANUITAS
REGISTERAUTODEBET
REGISTERCIF
REGISTERINVESTASI
REGISTERIURAN
REGISTERNASABAHREKENING
REGISTERPINDAHPAKETINVESTASI
REGISTERUBAHALAMAT
REGISTERUBAHSTATUSKERJA
REGISTERWASIATUMMAT
REGNRAHLIWARIS
REKENINGANUITAS
REKENINGAUTODEBET
REKENINGDPLK
REKENINGWASIATUMMAT
RINCIANPAKETINVESTASI
SESSIONBLOB
SRRCALC
SRRCALCBAGIHASIL
SRRCALCRINCIAN
SUBJNSTRANSLRINVESTASI
SUMBERDANA
TRANSACTIONBATCH
TRANSAKSIBAGIHASIL
TRANSAKSIDPLK
TRANSAKSIINVESTASI
TRANSAKSIPREMI
TRANSLRINVESTASI
TRANSPIUTANGINVESTASI
TRANSPIUTANGLRINVESTASI
USERAPP
USERGROUP
USERGROUPAPP
